Γû▓ Next.js 16.1.6 (Turbopack)
- Environments: .env.local

node.exe : ΓÜá The "middleware" file convention is deprecated. Please 
use "proxy" instead. Learn more: 
https://nextjs.org/docs/messages/middleware-to-proxy
At line:1 char:1
+ & "C:\Program Files\nodejs/node.exe" "C:\Program 
Files\nodejs/node_mo ...
+ 
~~~~~~~~~~~~~~~~~~~~~~~~~~~~~~~~~~~~~~~~~~~~~~~~~~~~~~~~~~~~~~~~~~~~~
    + CategoryInfo          : NotSpecified: (ΓÜá The "middle...leware 
   -to-proxy:String) [], RemoteException
    + FullyQualifiedErrorId : NativeCommandError
 
  Creating an optimized production build ...
Γ£ô Compiled successfully in 18.2s
  Running TypeScript ...
Failed to compile.

./src/app/(app)/pets/[id]/food/new/page.tsx:27:38
Type error: Property 'id' does not exist on type 'never'.

[0m [90m 25 |[39m     [36mif[39m ([33m![39mpet) notFound()
 [90m 26 |[39m
[31m[1m>[22m[39m[90m 27 |[39m     [36mreturn[39m 
[33m<[39m[33mFoodNewClient[39m petId[33m=[39m{pet[33m.[39mid} 
petName[33m=[39m{pet[33m.[39mname} 
userId[33m=[39m{user[33m.[39mid} [33m/[39m[33m>[39m
 [90m    |[39m                                      
[31m[1m^[22m[39m
 [90m 28 |[39m }
 [90m 29 |[39m[0m
Next.js build worker exited with code: 1 and signal: null
